
> ds-storybook@0.0.0 build-storybook
> storybook build --output-dir=C:\Users\Dell\AppData\Local\Temp\chromatic--38316-c1ce1L2P9Ea0 --stats-json=C:\Users\Dell\AppData\Local\Temp\chromatic--38316-c1ce1L2P9Ea0


[90m┌[39m  Building storybook v10.4.0
[90m│[39m
[32m◇[39m  Cleaning outputDir:
[90m│[39m  [36mC:/Users/Dell/AppData/Local/Temp/chromatic--38316-c1ce1L2P9Ea0[39m
[90m│[39m
[32m◇[39m  Loading presets
[90m│[39m
[32m◇[39m  Building manager..
[90m│[39m
[34m●[39m  Building preview..
[90m│[39m  [43mVite[49m [36mvite v8.0.13 [32mbuilding client environment for production...[36m[39m
[2Ktransforming...✓ 236 modules transformed.
rendering chunks...
computing gzip size...
[90m│[39m  [43mVite[49m
[90m│[39m  C:/Users/Dell/AppData/Local/Temp/chromatic--38316-c1ce1L2P9Ea0/assets/pplus-en-light-D7JRXFVv.png
[90m│[39m  5.02 kB
[90m│[39m  C:/Users/Dell/AppData/Local/Temp/chromatic--38316-c1ce1L2P9Ea0/assets/flow-plus-ar-light-BGoiUCFL.png
[90m│[39m  5.08 kB
[90m│[39m  C:/Users/Dell/AppData/Local/Temp/chromatic--38316-c1ce1L2P9Ea0/assets/pplus-ar-light-BKIWJp-M.png
[90m│[39m  5.11 kB
[90m│[39m  C:/Users/Dell/AppData/Local/Temp/chromatic--38316-c1ce1L2P9Ea0/assets/faris-ar-light-D-ZlNxKR.png
[90m│[39m  5.15 kB
[90m│[39m  C:/Users/Dell/AppData/Local/Temp/chromatic--38316-c1ce1L2P9Ea0/assets/pplus-ar-dark-h4EtzQDW.png
[90m│[39m  5.37 kB
[90m│[39m  C:/Users/Dell/AppData/Local/Temp/chromatic--38316-c1ce1L2P9Ea0/assets/faris-en-light-CfbZY2cL.png
[90m│[39m  5.57 kB
[90m│[39m  C:/Users/Dell/AppData/Local/Temp/chromatic--38316-c1ce1L2P9Ea0/assets/s-plus-en-light-CBTjhej5.png
[90m│[39m  5.79 kB
[90m│[39m  C:/Users/Dell/AppData/Local/Temp/chromatic--38316-c1ce1L2P9Ea0/assets/flow-plus-en-light-Cfxn9rvB.png
[90m│[39m  5.86 kB
[90m│[39m  C:/Users/Dell/AppData/Local/Temp/chromatic--38316-c1ce1L2P9Ea0/assets/dr3-ar-light-ChBdo9PK.png
[90m│[39m  6.02 kB
[90m│[39m  C:/Users/Dell/AppData/Local/Temp/chromatic--38316-c1ce1L2P9Ea0/assets/faris-ar-dark-Dz0cOC3I.png
[90m│[39m  6.11 kB
[90m│[39m  C:/Users/Dell/AppData/Local/Temp/chromatic--38316-c1ce1L2P9Ea0/assets/s-plus-ar-light-T7gBlqnm.png
[90m│[39m  6.26 kB
[90m│[39m  C:/Users/Dell/AppData/Local/Temp/chromatic--38316-c1ce1L2P9Ea0/assets/dr3-en-light-1GoGCJcb.png
[90m│[39m  6.30 kB
[90m│[39m  C:/Users/Dell/AppData/Local/Temp/chromatic--38316-c1ce1L2P9Ea0/assets/dr3-ar-dark-gFMUnvF7.png
[90m│[39m  6.73 kB
[90m│[39m  C:/Users/Dell/AppData/Local/Temp/chromatic--38316-c1ce1L2P9Ea0/assets/s-plus-ar-dark-CtWJv6lF.png
[90m│[39m  6.89 kB
[90m│[39m  C:/Users/Dell/AppData/Local/Temp/chromatic--38316-c1ce1L2P9Ea0/assets/diwan-ar-light-COcOV4HI.png
[90m│[39m  7.68 kB
[90m│[39m  C:/Users/Dell/AppData/Local/Temp/chromatic--38316-c1ce1L2P9Ea0/assets/flow-plus-ar-dark-oX89Byce.png
[90m│[39m  8.09 kB
[90m│[39m  C:/Users/Dell/AppData/Local/Temp/chromatic--38316-c1ce1L2P9Ea0/assets/diwan-ar-dark-1BV5nYOf.png
[90m│[39m  8.12 kB
[90m│[39m  C:/Users/Dell/AppData/Local/Temp/chromatic--38316-c1ce1L2P9Ea0/assets/diwan-en-light-DthnErrG.png
[90m│[39m  9.51 kB
[90m│[39m  C:/Users/Dell/AppData/Local/Temp/chromatic--38316-c1ce1L2P9Ea0/assets/faris-circle-By7Rtwfb.png
[90m│[39m  10.28 kB
[90m│[39m  C:/Users/Dell/AppData/Local/Temp/chromatic--38316-c1ce1L2P9Ea0/iframe.html
[90m│[39m  19.25 kB │ gzip:   5.38 kB
[90m│[39m  C:/Users/Dell/AppData/Local/Temp/chromatic--38316-c1ce1L2P9Ea0/assets/search-CPlHFhxL.png
[90m│[39m  38.74 kB
[90m│[39m  C:/Users/Dell/AppData/Local/Temp/chromatic--38316-c1ce1L2P9Ea0/assets/check-validation-CdbzKL4Z.png
[90m│[39m  48.50 kB
[90m│[39m  C:/Users/Dell/AppData/Local/Temp/chromatic--38316-c1ce1L2P9Ea0/assets/files-folders-BeZ9yfQf.png
[90m│[39m  205.38 kB
[90m│[39m  C:/Users/Dell/AppData/Local/Temp/chromatic--38316-c1ce1L2P9Ea0/assets/communications-DP0rUqiP.png
[90m│[39m  226.11 kB
[90m│[39m  C:/Users/Dell/AppData/Local/Temp/chromatic--38316-c1ce1L2P9Ea0/assets/ChartLegend-StmiSJIz.css
[90m│[39m  0.76 kB │ gzip:   0.44 kB
[90m│[39m  C:/Users/Dell/AppData/Local/Temp/chromatic--38316-c1ce1L2P9Ea0/assets/ChartTooltip-BIEt10GR.css
[90m│[39m  0.92 kB │ gzip:   0.51 kB
[90m│[39m  C:/Users/Dell/AppData/Local/Temp/chromatic--38316-c1ce1L2P9Ea0/assets/RadarChart-Dk2-ALdM.css
[90m│[39m  1.21 kB │ gzip:   0.57 kB
[90m│[39m  C:/Users/Dell/AppData/Local/Temp/chromatic--38316-c1ce1L2P9Ea0/assets/LineChart-ChV3mDcQ.css
[90m│[39m  1.35 kB │ gzip:   0.63 kB
[90m│[39m  C:/Users/Dell/AppData/Local/Temp/chromatic--38316-c1ce1L2P9Ea0/assets/AreaChart-QEh0x50J.css
[90m│[39m  1.54 kB │ gzip:   0.68 kB
[90m│[39m  C:/Users/Dell/AppData/Local/Temp/chromatic--38316-c1ce1L2P9Ea0/assets/MapChart-D8n5MsYG.css
[90m│[39m  1.65 kB │ gzip:   0.79 kB
[90m│[39m  C:/Users/Dell/AppData/Local/Temp/chromatic--38316-c1ce1L2P9Ea0/assets/HorizontalBarChart-tGgSiFii.css
[90m│[39m  1.88 kB │ gzip:   0.74 kB
[90m│[39m  C:/Users/Dell/AppData/Local/Temp/chromatic--38316-c1ce1L2P9Ea0/assets/VerticalBarChart-vWjqVqbV.css
[90m│[39m  1.88 kB │ gzip:   0.74 kB
[90m│[39m  C:/Users/Dell/AppData/Local/Temp/chromatic--38316-c1ce1L2P9Ea0/assets/Accordion-BMcg64IV.css
[90m│[39m  2.14 kB │ gzip:   0.70 kB
[90m│[39m  C:/Users/Dell/AppData/Local/Temp/chromatic--38316-c1ce1L2P9Ea0/assets/HeatmapChart-9hdNOOcc.css
[90m│[39m  2.41 kB │ gzip:   0.87 kB
[90m│[39m  C:/Users/Dell/AppData/Local/Temp/chromatic--38316-c1ce1L2P9Ea0/assets/iframe-DK1ffWhf.css
[90m│[39m  3.32 kB │ gzip:   1.04 kB
[90m│[39m  C:/Users/Dell/AppData/Local/Temp/chromatic--38316-c1ce1L2P9Ea0/assets/DonutChart-OSdg0nd9.css
[90m│[39m  3.40 kB │ gzip:   1.15 kB
[90m│[39m  C:/Users/Dell/AppData/Local/Temp/chromatic--38316-c1ce1L2P9Ea0/assets/RiskMatrix-DGfV6B4E.css
[90m│[39m  4.75 kB │ gzip:   1.42 kB
[90m│[39m  C:/Users/Dell/AppData/Local/Temp/chromatic--38316-c1ce1L2P9Ea0/assets/Button-EbLFAoeX.css
[90m│[39m  5.26 kB │ gzip:   1.15 kB
[90m│[39m  C:/Users/Dell/AppData/Local/Temp/chromatic--38316-c1ce1L2P9Ea0/assets/mdx-react-shim-Ci8bl-kI.js
[90m│[39m  0.12 kB │ gzip:   0.12 kB
[90m│[39m  C:/Users/Dell/AppData/Local/Temp/chromatic--38316-c1ce1L2P9Ea0/assets/formatter-EIJCOSYU-DydeO2C6.js
[90m│[39m  0.26 kB │ gzip:   0.21 kB
[90m│[39m  C:/Users/Dell/AppData/Local/Temp/chromatic--38316-c1ce1L2P9Ea0/assets/jsx-runtime-C2T8EUXA.js
[90m│[39m  0.43 kB │ gzip:   0.30 kB
[90m│[39m  C:/Users/Dell/AppData/Local/Temp/chromatic--38316-c1ce1L2P9Ea0/assets/prop-types-6cbM2H2Y.js
[90m│[39m  0.81 kB │ gzip:   0.50 kB
[90m│[39m  C:/Users/Dell/AppData/Local/Temp/chromatic--38316-c1ce1L2P9Ea0/assets/ChartTooltip-D0XjyfO0.js
[90m│[39m  1.31 kB │ gzip:   0.72 kB
[90m│[39m  C:/Users/Dell/AppData/Local/Temp/chromatic--38316-c1ce1L2P9Ea0/assets/DocsRenderer-LL677BLK-CzwN-gsA.js
[90m│[39m  1.36 kB │ gzip:   0.74 kB
[90m│[39m  C:/Users/Dell/AppData/Local/Temp/chromatic--38316-c1ce1L2P9Ea0/assets/ChartLegend-CBjpjdGz.js
[90m│[39m  1.46 kB │ gzip:   0.84 kB
[90m│[39m  C:/Users/Dell/AppData/Local/Temp/chromatic--38316-c1ce1L2P9Ea0/assets/preload-helper-Cs4UwXAW.js
[90m│[39m  2.34 kB │ gzip:   1.24 kB
[90m│[39m  C:/Users/Dell/AppData/Local/Temp/chromatic--38316-c1ce1L2P9Ea0/assets/react-dom-DkcRuq5A.js
[90m│[39m  3.58 kB │ gzip:   1.36 kB
[90m│[39m  C:/Users/Dell/AppData/Local/Temp/chromatic--38316-c1ce1L2P9Ea0/assets/SpacingRadiusGrids-tzZZxWq4.js
[90m│[39m  9.17 kB │ gzip:   2.70 kB
[90m│[39m  C:/Users/Dell/AppData/Local/Temp/chromatic--38316-c1ce1L2P9Ea0/assets/Icon.stories-CWodUDRh.js
[90m│[39m  9.18 kB │ gzip:   2.79 kB
[90m│[39m  C:/Users/Dell/AppData/Local/Temp/chromatic--38316-c1ce1L2P9Ea0/assets/Accordion.stories-C9vyQxak.js
[90m│[39m  9.58 kB │ gzip:   3.25 kB
[90m│[39m  C:/Users/Dell/AppData/Local/Temp/chromatic--38316-c1ce1L2P9Ea0/assets/Icon-DRsym9yq.js
[90m│[39m  9.92 kB │ gzip:   3.39 kB
[90m│[39m  C:/Users/Dell/AppData/Local/Temp/chromatic--38316-c1ce1L2P9Ea0/assets/MapChart.stories-C8CcXqSr.js
[90m│[39m  9.94 kB │ gzip:   3.27 kB
[90m│[39m  C:/Users/Dell/AppData/Local/Temp/chromatic--38316-c1ce1L2P9Ea0/assets/Button.stories-h4mmIWW2.js
[90m│[39m  10.77 kB │ gzip:   3.10 kB
[90m│[39m  C:/Users/Dell/AppData/Local/Temp/chromatic--38316-c1ce1L2P9Ea0/assets/Typography-DO62V4sb.js
[90m│[39m  11.06 kB │ gzip:   3.01 kB
[90m│[39m  C:/Users/Dell/AppData/Local/Temp/chromatic--38316-c1ce1L2P9Ea0/assets/EffectStyles-DkffTRLp.js
[90m│[39m  12.47 kB │ gzip:   2.86 kB
[90m│[39m  C:/Users/Dell/AppData/Local/Temp/chromatic--38316-c1ce1L2P9Ea0/assets/HorizontalBarChart.stories-CdLFtN3O.js
[90m│[39m  15.13 kB │ gzip:   4.92 kB
[90m│[39m  C:/Users/Dell/AppData/Local/Temp/chromatic--38316-c1ce1L2P9Ea0/assets/HeatmapChart.stories-V5kv3mR5.js
[90m│[39m  16.08 kB │ gzip:   4.82 kB
[90m│[39m  C:/Users/Dell/AppData/Local/Temp/chromatic--38316-c1ce1L2P9Ea0/assets/Colors-Bj7pX0du.js
[90m│[39m  16.72 kB │ gzip:   3.55 kB
[90m│[39m  C:/Users/Dell/AppData/Local/Temp/chromatic--38316-c1ce1L2P9Ea0/assets/AreaChart.stories-D-Cnffsi.js
[90m│[39m  16.75 kB │ gzip:   5.25 kB
[90m│[39m  C:/Users/Dell/AppData/Local/Temp/chromatic--38316-c1ce1L2P9Ea0/assets/RadarChart.stories-t6oBiHCU.js
[90m│[39m  16.88 kB │ gzip:   5.15 kB
[90m│[39m  C:/Users/Dell/AppData/Local/Temp/chromatic--38316-c1ce1L2P9Ea0/assets/VerticalBarChart.stories-Bbbl2p2T.js
[90m│[39m  17.03 kB │ gzip:   5.33 kB
[90m│[39m  C:/Users/Dell/AppData/Local/Temp/chromatic--38316-c1ce1L2P9Ea0/assets/RiskMatrix.stories-DNbLEyfN.js
[90m│[39m  20.69 kB │ gzip:   5.59 kB
[90m│[39m  C:/Users/Dell/AppData/Local/Temp/chromatic--38316-c1ce1L2P9Ea0/assets/LineChart.stories-BoKLoC7j.js
[90m│[39m  21.88 kB │ gzip:   5.85 kB
[90m│[39m  C:/Users/Dell/AppData/Local/Temp/chromatic--38316-c1ce1L2P9Ea0/assets/Icons-CUsWHEHv.js
[90m│[39m  22.45 kB │ gzip:   5.48 kB
[90m│[39m  C:/Users/Dell/AppData/Local/Temp/chromatic--38316-c1ce1L2P9Ea0/assets/RiskMatrix-DGw8NNvY.js
[90m│[39m  24.85 kB │ gzip:   6.18 kB
[90m│[39m  C:/Users/Dell/AppData/Local/Temp/chromatic--38316-c1ce1L2P9Ea0/assets/RadarChart-BQ0BmRzo.js
[90m│[39m  25.36 kB │ gzip:   6.31 kB
[90m│[39m  C:/Users/Dell/AppData/Local/Temp/chromatic--38316-c1ce1L2P9Ea0/assets/HeatmapChart-EKxLInFR.js
[90m│[39m  25.68 kB │ gzip:   6.35 kB
[90m│[39m  C:/Users/Dell/AppData/Local/Temp/chromatic--38316-c1ce1L2P9Ea0/assets/DonutChart.stories-CuIN9v_0.js
[90m│[39m  25.74 kB │ gzip:   6.77 kB
[90m│[39m  C:/Users/Dell/AppData/Local/Temp/chromatic--38316-c1ce1L2P9Ea0/vite-inject-mocker-entry.js
[90m│[39m  27.81 kB │ gzip:   9.63 kB
[90m│[39m  C:/Users/Dell/AppData/Local/Temp/chromatic--38316-c1ce1L2P9Ea0/assets/LineChart-BVARPAS5.js
[90m│[39m  28.36 kB │ gzip:   6.16 kB
[90m│[39m  C:/Users/Dell/AppData/Local/Temp/chromatic--38316-c1ce1L2P9Ea0/assets/matchers-5TDFFDYO-KIk1JzxH.js
[90m│[39m  28.76 kB │ gzip:   9.66 kB
[90m│[39m  C:/Users/Dell/AppData/Local/Temp/chromatic--38316-c1ce1L2P9Ea0/assets/Color-23OOGO2C-ConTKYir.js
[90m│[39m  30.85 kB │ gzip:  11.57 kB
[90m│[39m  C:/Users/Dell/AppData/Local/Temp/chromatic--38316-c1ce1L2P9Ea0/assets/WithTooltip-65CFNBJE-CC18RIx1.js
[90m│[39m  33.15 kB │ gzip:  11.63 kB
[90m│[39m  C:/Users/Dell/AppData/Local/Temp/chromatic--38316-c1ce1L2P9Ea0/assets/Button-DRDCOzUs.js
[90m│[39m  41.87 kB │ gzip:   8.79 kB
[90m│[39m  C:/Users/Dell/AppData/Local/Temp/chromatic--38316-c1ce1L2P9Ea0/assets/Accordion-BR5-jswA.js
[90m│[39m  43.66 kB │ gzip:   9.77 kB
[90m│[39m  C:/Users/Dell/AppData/Local/Temp/chromatic--38316-c1ce1L2P9Ea0/assets/DonutChart-Bc66ihni.js
[90m│[39m  44.41 kB │ gzip:   9.13 kB
[90m│[39m  C:/Users/Dell/AppData/Local/Temp/chromatic--38316-c1ce1L2P9Ea0/assets/Logos-C-YX8faP.js
[90m│[39m  52.48 kB │ gzip:  12.14 kB
[90m│[39m  C:/Users/Dell/AppData/Local/Temp/chromatic--38316-c1ce1L2P9Ea0/assets/HorizontalBarChart-h_dE47jo.js
[90m│[39m  68.51 kB │ gzip:  14.41 kB
[90m│[39m  C:/Users/Dell/AppData/Local/Temp/chromatic--38316-c1ce1L2P9Ea0/assets/VerticalBarChart-BEJgV2SM.js
[90m│[39m  71.25 kB │ gzip:  15.28 kB
[90m│[39m  C:/Users/Dell/AppData/Local/Temp/chromatic--38316-c1ce1L2P9Ea0/assets/syntaxhighlighter-W7WJGI2T-BRR6VtWG.js
[90m│[39m  76.40 kB │ gzip:  27.48 kB
[90m│[39m  C:/Users/Dell/AppData/Local/Temp/chromatic--38316-c1ce1L2P9Ea0/assets/react-18-DAb-U7aK.js
[90m│[39m  179.12 kB │ gzip:  56.69 kB
[90m│[39m  C:/Users/Dell/AppData/Local/Temp/chromatic--38316-c1ce1L2P9Ea0/assets/axe-x14oteai.js
[90m│[39m  571.05 kB │ gzip: 155.77 kB
[90m│[39m  C:/Users/Dell/AppData/Local/Temp/chromatic--38316-c1ce1L2P9Ea0/assets/blocks-BUwJrZRn.js
[90m│[39m  813.85 kB │ gzip: 261.37 kB
[90m│[39m  C:/Users/Dell/AppData/Local/Temp/chromatic--38316-c1ce1L2P9Ea0/assets/iframe-CfuP7u7e.js
[90m│[39m  1,093.29 kB │ gzip: 308.96 kB

[90m│[39m
[33m▲[39m  [43mVite[49m [33m[33m[PLUGIN_TIMINGS] [0mYour build spent significant time in plugins.
[90m│[39m  Here is a breakdown:
[90m│[39m  - plugin-csf (31%)
[90m│[39m  - vite:css-post (16%)
[90m│[39m  - storybook:mdx-plugin (12%)
[90m│[39m  - storybook:react-docgen-plugin (11%)
[90m│[39m  - storybook:project-annotations-plugin (8%)
[90m│[39m  See ]8;;https://rolldown.rs/options/checks#plugintimingshttps://rolldown.rs/options/checks#plugintimings]8;; for more details.
[90m│[39m  [39m
[90m│[39m
[33m▲[39m  [43mVite[49m [33m[plugin builtin:vite-reporter]
[90m│[39m  (!) Some chunks are larger than 500 kB after minification. Consider:
[90m│[39m  - Using dynamic import() to code-split the application
[90m│[39m  - Use build.rolldownOptions.output.codeSplitting to improve chunking:
[90m│[39m  ]8;;https://rolldown.rs/reference/OutputOptions.codeSplittinghttps://rolldown.rs/reference/OutputOptions.codeSplitting]8;;
[90m│[39m  - Adjust chunk size limit for this warning via
[90m│[39m  build.chunkSizeWarningLimit.[39m
[90m│[39m  [43mVite[49m [32m✓ built in 9.99s[39m
[90m│[39m
[34m●[39m  Preview stats written to
[90m│[39m  [36mC:\Users\Dell\AppData\Local\Temp\chromatic--38316-c1ce1L2P9Ea0\preview-stats.json[39m
[90m│[39m
[32m◇[39m  Output directory:
[90m│[39m  C:/Users/Dell/AppData/Local/Temp/chromatic--38316-c1ce1L2P9Ea0
[90m│[39m
[90m└[39m  Storybook build completed successfully

